Create directory tmp
search DB DB alnDB tmp --prefilter-mode 2 --max-seqs 100000 -e 1e100 --min-seq-id 0 -c 0 -a --alignment-mode 3
MMseqs Version:                        	18.8cc5c
Substitution matrix                    	aa:blosum62.out,nucl:nucleotide.out
Add backtrace                          	true
Alignment mode                         	3
Alignment mode                         	0
Allow wrapped scoring                  	false
E-value threshold                      	1e+100
Seq. id. threshold                     	0
Min alignment length                   	0
Seq. id. mode                          	0
Alternative alignments                 	0
Coverage threshold                     	0
Coverage mode                          	0
Max sequence length                    	65535
Compositional bias                     	1
Compositional bias scale               	1
Max reject                             	2147483647
Max accept                             	2147483647
Include identical seq. id.             	false
Preload mode                           	0
Pseudo count a                         	substitution:1.100,context:1.400
Pseudo count b                         	substitution:4.100,context:5.800
Score bias                             	0
Realign hits                           	false
Realign score bias                     	-0.2
Realign max seqs                       	2147483647
Correlation score weight               	0
Gap open cost                          	aa:11,nucl:5
Gap extension cost                     	aa:1,nucl:2
Zdrop                                  	40
Threads                                	24
Compressed                             	0
Verbosity                              	3
Seed substitution matrix               	aa:VTML80.out,nucl:nucleotide.out
Sensitivity                            	5.7
k-mer length                           	0
Target search mode                     	0
k-score                                	seq:2147483647,prof:2147483647
Alphabet size                          	aa:21,nucl:5
Max results per query                  	100000
Split database                         	0
Split mode                             	2
Split memory limit                     	0
Diagonal scoring                       	true
Exact k-mer matching                   	0
Mask residues                          	1
Mask residues probability              	0.9
Mask lower case residues               	0
Mask lower letter repeating N times    	0
Minimum diagonal score                 	15
Selected taxa
Spaced k-mers                          	1
Spaced k-mer pattern
Local temporary path
Use GPU                                	0
Use GPU server                         	0
Wait for GPU server                    	600
Prefilter mode                         	2
Rescore mode                           	0
Remove hits by seq. id. and coverage   	false
Sort results                           	0
Mask profile                           	1
Profile E-value threshold              	0.1
Global sequence weighting              	false
Allow deletions                        	false
Filter MSA                             	1
Use filter only at N seqs              	0
Maximum seq. id. threshold             	0.9
Minimum seq. id.                       	0.0
Minimum score per column               	-20
Minimum coverage                       	0
Select N most diverse seqs             	1000
Pseudo count mode                      	0
Profile output mode                    	0
Min codons in orf                      	30
Max codons in length                   	32734
Max orf gaps                           	2147483647
Contig start mode                      	2
Contig end mode                        	2
Orf start mode                         	1
Forward frames                         	1,2,3
Reverse frames                         	1,2,3
Translation table                      	1
Translate orf                          	0
Use all table starts                   	false
Offset of numeric ids                  	0
Create lookup                          	0
Overlap between sequences              	0
Sequence split mode                    	1
Header split mode                      	0
Chain overlapping alignments           	0
Merge query                            	1
Search type                            	0
Search iterations                      	1
Start sensitivity                      	4
Search steps                           	1
Exhaustive search mode                 	false
Filter results during exhaustive search	0
Strand selection                       	1
LCA search mode                        	false
Disk space limit                       	0
MPI runner
Force restart with latest tmp          	false
Remove temporary files                 	false
Translation mode                       	0
align DB DB tmp/<run>/pref_0 alnDB --sub-mat 'aa:blosum62.out,nucl:nucleotide.out' -a 1 --alignment-mode 3 --alignment-output-mode 0 --wrapped-scoring 0 -e 1e+100 --min-seq-id 0 --min-aln-len 0 --seq-id-mode 0 --alt-ali 0 -c 0 --cov-mode 0 --max-seq-len 65535 --comp-bias-corr 1 --comp-bias-corr-scale 1 --max-rejected 2147483647 --max-accept 2147483647 --add-self-matches 0 --db-load-mode 0 --pca substitution:1.100,context:1.400 --pcb substitution:4.100,context:5.800 --score-bias 0 --realign 0 --realign-score-bias -0.2 --realign-max-seqs 2147483647 --corr-score-weight 0 --gap-open aa:11,nucl:5 --gap-extend aa:1,nucl:2 --zdrop 40 --threads <n> --compressed 0 -v 3
Compute score, coverage and sequence identity
Query database size: 1002 type: Aminoacid
Target database size: 1002 type: Aminoacid
Calculation of alignments
1004004 alignments calculated
1004004 sequence pairs passed the thresholds (1.000000 of overall calculated)
1002.000000 hits per query sequence
